// Vitest Snapshot v1, https://vitest.dev/guide/snapshot.html

exports[`Home page tests > renders 1`] = `
<DocumentFragment>
  <nav
    class="navbarStyles navbar navbar-expand-lg navbar-light"
  >
    <div
      class="container"
    >
      <a
        class="navbar-brand"
        href="#home"
      >
        <img
          alt=""
          class="d-inline-block align-top"
          height="50"
          src="/img/pcaLogo.png"
          width="50"
        />
      </a>
      <button
        aria-controls="basic-navbar-nav"
        aria-label="Toggle navigation"
        class="navbar-toggler collapsed"
        type="button"
      >
        <span
          class="navbar-toggler-icon"
        />
      </button>
      <div
        class="justify-content-end navbar-collapse collapse"
        id="basic-navbar-nav"
      >
        <div
          class="navbar-links navbar-nav"
        >
          <a
            class="navbar-links nav-link"
            data-rr-ui-event-key="#home"
            href="#home"
          >
            Home
          </a>
          <a
            class="navbar-links nav-link"
            data-rr-ui-event-key="#link"
            href="#link"
          >
            About
          </a>
          <a
            class="navbar-links nav-link"
            data-rr-ui-event-key="#link"
            href="#link"
          >
            Events
          </a>
          <a
            class="navbar-links nav-link"
            data-rr-ui-event-key="#link"
            href="#link"
          >
            Red Sails Festival
          </a>
          <a
            class="navbar-links nav-link"
            data-rr-ui-event-key="#link"
            href="#link"
          >
            News
          </a>
          <a
            class="navbar-links nav-link"
            data-rr-ui-event-key="#link"
            href="#link"
          >
            Contact Us
          </a>
          <a
            class="navbar-links nav-link"
            data-rr-ui-event-key="#link"
            href="#link"
          >
            Login
          </a>
          <a
            class="navbar-links nav-link"
            data-rr-ui-event-key="#link"
            href="#link"
          >
            Register
          </a>
        </div>
      </div>
    </div>
  </nav>
  <img
    class="main-image img-fluid"
    src="/img/IMG_2739.jpg"
  />
  <div
    class="homeTextOverlay"
  >
    <h2
      class="tagline"
    >
      Portstewart Community Association
    </h2>
    <h3
      class="text-white"
    >
      Serving the Portstewart Community
    </h3>
    <div
      class="mt-2 homeButtons"
    >
      <button
        class="mt-4 mr-3 homeButton btn btn-warning btn-lg"
        type="button"
      >
        FIND OUT MORE
      </button>
       
      <button
        class="mt-4 ml-5 homeButton btn btn-warning btn-lg"
        type="button"
      >
        JOIN TODAY
      </button>
    </div>
  </div>
  <h1
    class="text-center mt-5"
  >
    MORE CONTENT HERE
  </h1>
</DocumentFragment>
`;
